Component_h_1.c:4:13:Khong_h_1	8	static
Component_h_1.c:14:13:Mot_h_1	8	static
Component_h_1.c:24:13:Hai_h_1	8	static
Component_h_1.c:34:13:Ba_h_1	8	static
Component_h_1.c:44:13:Bon_h_1	8	static
Component_h_1.c:54:13:Nam_h_1	8	static
Component_h_1.c:64:13:Sau_h_1	8	static
Component_h_1.c:74:13:Bay_h_1	8	static
Component_h_1.c:84:13:Tam_h_1	8	static
Component_h_1.c:94:13:Chin_h_1	8	static
Component_h_1.c:103:13:display7SEG_h_1	16	static
Component_h_2.c:4:13:Khong_h_2	8	static
Component_h_2.c:14:13:Mot_h_2	8	static
Component_h_2.c:24:13:Hai_h_2	8	static
Component_h_2.c:34:13:Ba_h_2	8	static
Component_h_2.c:44:13:Bon_h_2	8	static
Component_h_2.c:54:13:Nam_h_2	8	static
Component_h_2.c:64:13:Sau_h_2	8	static
Component_h_2.c:74:13:Bay_h_2	8	static
Component_h_2.c:84:13:Tam_h_2	8	static
Component_h_2.c:94:13:Chin_h_2	8	static
Component_h_2.c:104:13:display7SEG_h_2	16	static
Component_m_1.c:4:13:Khong	8	static
Component_m_1.c:14:13:Mot	8	static
Component_m_1.c:24:13:Hai	8	static
Component_m_1.c:34:13:Ba	8	static
Component_m_1.c:44:13:Bon	8	static
Component_m_1.c:54:13:Nam	8	static
Component_m_1.c:64:13:Sau	8	static
Component_m_1.c:74:13:Bay	8	static
Component_m_1.c:84:13:Tam	8	static
Component_m_1.c:94:13:Chin	8	static
Component_m_1.c:104:13:display7SEG_m_1	16	static
Component_m_2.c:4:13:Khong_m_2	8	static
Component_m_2.c:14:13:Mot_m_2	8	static
Component_m_2.c:24:13:Hai_m_2	8	static
Component_m_2.c:34:13:Ba_m_2	8	static
Component_m_2.c:44:13:Bon_m_2	8	static
Component_m_2.c:54:13:Nam_m_2	8	static
Component_m_2.c:64:13:Sau_m_2	8	static
Component_m_2.c:74:13:Bay_m_2	8	static
Component_m_2.c:84:13:Tam_m_2	8	static
Component_m_2.c:94:13:Chin_m_2	8	static
Component_m_2.c:104:13:display7SEG_m_2	16	static
main.c:64:6:updateClockBuffer	8	static
main.c:77:5:main	8	static
main.c:137:6:SystemClock_Config	72	static
main.c:173:13:MX_TIM2_Init	32	static
main.c:218:13:MX_GPIO_Init	32	static
main.c:267:6:HAL_TIM_PeriodElapsedCallback	16	static
main.c:277:6:Error_Handler	4	static,ignoring_inline_asm
