Component.c:4:13:Khong	8	static
Component.c:14:13:Mot	8	static
Component.c:24:13:Hai	8	static
Component.c:34:13:Ba	8	static
Component.c:44:13:Bon	8	static
Component.c:54:13:Nam	8	static
Component.c:64:13:Sau	8	static
Component.c:74:13:Bay	8	static
Component.c:84:13:Tam	8	static
Component.c:94:13:Chin	8	static
Component.c:104:13:display7SEG	16	static
main.c:61:6:update7SEG	16	static
main.c:99:5:main	16	static
main.c:165:6:SystemClock_Config	72	static
main.c:201:13:MX_TIM2_Init	32	static
main.c:246:13:MX_GPIO_Init	32	static
main.c:284:6:HAL_TIM_PeriodElapsedCallback	16	static
main.c:294:6:Error_Handler	4	static,ignoring_inline_asm
