22:36:54 **** Incremental Build of configuration Debug for project Exercise ****
make -j20 all 
arm-none-eabi-gcc "../Core/Src/main.c" -mcpu=cortex-m3 -std=gnu11 -g3 -DDEBUG -DUSE_HAL_DRIVER -DSTM32F103x6 -c -I../Core/Inc -I../Drivers/STM32F1xx_HAL_Driver/Inc -I../Drivers/STM32F1xx_HAL_Driver/Inc/Legacy -I../Drivers/CMSIS/Device/ST/STM32F1xx/Include -I../Drivers/CMSIS/Include -O0 -ffunction-sections -fdata-sections -Wall -fstack-usage -MMD -MP -MF"Core/Src/main.d" -MT"Core/Src/main.o" --specs=nano.specs -mfloat-abi=soft -mthumb -o "Core/Src/main.o"
arm-none-eabi-gcc -o "Exercise.elf" @"objects.list"   -mcpu=cortex-m3 -T"D:\VXL_2\Exercise\STM32F103C6UX_FLASH.ld" --specs=nosys.specs -Wl,-Map="Exercise.map" -Wl,--gc-sections -static --specs=nano.specs -mfloat-abi=soft -mthumb -Wl,--start-group -lc -lm -Wl,--end-group
Finished building target: Exercise.elf
 
arm-none-eabi-size   Exercise.elf 
arm-none-eabi-objdump -h -S  Exercise.elf  > "Exercise.list"
arm-none-eabi-objcopy  -O ihex  Exercise.elf  "Exercise.hex"
   text	   data	    bss	    dec	    hex	filename
  11284	     32	   1648	  12964	   32a4	Exercise.elf
arm-none-eabi-objcopy  -O binary  Exercise.elf  "Exercise.bin"
Finished building: default.size.stdout
 
Finished building: Exercise.hex
Finished building: Exercise.bin
 
 
Finished building: Exercise.list
 
